// Jest Snapshot v1, https://goo.gl/fbAQLP

exports[`Text component Matches the snapshot 1`] = `
<p
  className="text "
/>
`;
